<!DOCTYPE html><html lang="en"><head><meta name="description" content="Web word processing, spreadsheets and presentations"><meta name="viewport" content="width=device-width, initial-scale=1.0, maximum-scale=1.0, minimum-scale=1.0, user-scalable=0"><link rel="shortcut icon" href="//docs.google.com/favicon.ico"><title>Page not found</title><meta name="referrer" content="origin"><link href="//fonts.googleapis.com/css?family=Product+Sans" rel="stylesheet" type="text/css" nonce="Hp2vZzqZY8vUZmNR1Qmvvg"><style nonce="Hp2vZzqZY8vUZmNR1Qmvvg">#drive-logo{margin:18px 0;position:absolute;white-space:nowrap}.docs-drivelogo-img{background-image:url(//ssl.gstatic.com/images/branding/googlelogo/1x/googlelogo_color_116x41dp.png);-webkit-background-size:116px 41px;background-size:116px 41px;display:inline-block;height:41px;vertical-align:bottom;width:116px}.docs-drivelogo-text{color:var(--gm3-sys-color-on-surface,#1f1f1f);display:inline-block;opacity:.54;text-decoration:none;font-family:Product Sans,Arial,Helvetica,sans-serif;font-size:32px;text-rendering:optimizeLegibility;position:relative;top:-6px;left:-7px;-webkit-font-smoothing:antialiased;-moz-osx-font-smoothing:grayscale}@media (-webkit-min-device-pixel-ratio:1.5),(min-resolution:144dpi){.docs-drivelogo-img{background-image:url(//ssl.gstatic.com/images/branding/googlelogo/2x/googlelogo_color_116x41dp.png)}}.goog-inline-block{position:relative;display:-moz-inline-box;display:inline-block}* html .goog-inline-block{display:inline}:first-child+html .goog-inline-block{display:inline}sentinel{}</style><style type="text/css" nonce="Hp2vZzqZY8vUZmNR1Qmvvg">body {background-color: #fff; font-family: Arial,sans-serif; font-size: 13px; margin: 0; padding: 0;}a, a:link, a:visited {color: #112ABB;}</style><style type="text/css" nonce="Hp2vZzqZY8vUZmNR1Qmvvg">.errorMessage {font-size: 12pt; font-weight: bold; line-height: 150%;}</style></head><body><div id="outerContainer"><div id="innerContainer"><div style="position: absolute; top: -80px;"><div id="drive-logo"><a href="/"><span class="docs-drivelogo-img" title="Google logo"></span><span class="docs-drivelogo-text">&nbsp;Drive</span></a></div></div><div align="center"><p class="errorMessage" style="padding-top: 50px">Sorry, unable to open the file at present.</p><p> Please check the address and try again.</p><div style="background: #F0F6FF; border: 1px solid black; margin-top: 35px; padding: 10px 125px; width: 300px;"><p><strong>Get stuff done with Google Drive</strong></p><p>Apps in Google Drive make it easy to create, store and share online documents, spreadsheets, presentations and more.</p><p>Learn more at <a href="https://drive.google.com/start/apps">drive.google.com/start/apps</a>.</p></div></div></div></div></body><style nonce="Hp2vZzqZY8vUZmNR1Qmvvg">html {height: 100%; overflow: auto;}body {height: 100%; overflow: auto;}#outerContainer {margin: auto; max-width: 750px;}#innerContainer {margin-bottom: 20px; margin-left: 40px; margin-right: 40px; margin-top: 80px; position: relative;}</style></html>